
> @ipark/frontend@0.1.0 dev
> next dev

   ▲ Next.js 15.5.25
   - Local:        http://localhost:3000
   - Network:      http://192.168.2.7:3000
   - Environments: .env.local, .env

 ✓ Starting...
 ✓ Ready in 1929ms
 ○ Compiling /login ...
 ✓ Compiled /login in 1340ms (727 modules)
 GET /login 200 in 64ms
 ○ Compiling / ...
 ✓ Compiled / in 747ms (853 modules)
 GET / 200 in 1052ms
 GET /login 200 in 99ms
 ○ Compiling /overview ...
 ✓ Compiled /overview in 583ms (924 modules)
 GET /overview 200 in 895ms
 GET /overview 200 in 70ms
 ○ Compiling /users ...
 ✓ Compiled /users in 852ms (949 modules)
 GET /users 200 in 1034ms
 ○ Compiling /vehicles ...
 ✓ Compiled /vehicles in 730ms (980 modules)
 GET /vehicles 200 in 1073ms
 ✓ Compiled /membership-packages in 449ms (1001 modules)
 GET /membership-packages 200 in 657ms
 GET /overview 200 in 84ms
 ○ Compiling /subscriptions ...
 ✓ Compiled /subscriptions in 910ms (1071 modules)
 GET /subscriptions 200 in 1111ms
 ○ Compiling /rfid-cards ...
 ✓ Compiled /rfid-cards in 1034ms (1096 modules)
 GET /rfid-cards 200 in 1225ms
 GET /overview 200 in 69ms
 ○ Compiling /reports ...
 ✓ Compiled /reports in 853ms (1111 modules)
 GET /reports 200 in 1022ms
 ○ Compiling /capacity-config ...
 ✓ Compiled /capacity-config in 903ms (1124 modules)
 GET /capacity-config 200 in 1250ms
 ○ Compiling /parking-slots ...
 ✓ Compiled /audit-logs in 1276ms (1144 modules)
 ✓ Compiled in 397ms (469 modules)
 GET /overview 200 in 1959ms
 GET /parking-slots 200 in 2127ms
 GET /audit-logs 200 in 1180ms
 ○ Compiling /alerts ...
 ✓ Compiled /alerts in 707ms (1166 modules)
 GET /alerts 200 in 906ms
 GET /overview 200 in 65ms
 ○ Compiling /staff-desk ...
 ✓ Compiled /staff-desk in 1042ms (1201 modules)
 GET /staff-desk 200 in 1221ms
 GET /overview 200 in 59ms
 GET /overview 200 in 34ms
 GET /parking-slots 200 in 94ms
 ○ Compiling /parking-sessions ...
 ✓ Compiled /parking-sessions in 1054ms (1222 modules)
 GET /parking-sessions 200 in 1250ms
 ○ Compiling /transactions ...
 ✓ Compiled /transactions in 1010ms (1243 modules)
 GET /transactions 200 in 1184ms
 ○ Compiling /invoices ...
 ✓ Compiled /invoices in 944ms (1256 modules)
 GET /invoices 200 in 1112ms
 GET /overview 200 in 64ms
 ○ Compiling /disputes ...
 ✓ Compiled /disputes in 1072ms (1273 modules)
 GET /disputes 200 in 1258ms
 ○ Compiling /profile ...
 ✓ Compiled /profile in 1235ms (1306 modules)
 GET /profile 200 in 1470ms
 GET / 200 in 96ms
 GET /login 200 in 76ms
 GET /login 200 in 63ms
 GET /login?email=kh.1%40gmail.com&password=123456 200 in 67ms
 GET /profile 200 in 51ms
 GET / 200 in 20ms
 GET /vehicles 200 in 80ms
 GET / 200 in 21ms
 GET /subscriptions 200 in 78ms
 GET / 200 in 36ms
 GET /parking-sessions 200 in 118ms
 GET / 200 in 25ms
 GET /transactions 200 in 80ms
 GET / 200 in 30ms
 GET /login 200 in 139ms
 GET /login?email=nv.1%40ipark.vn&password=123456 200 in 63ms
 GET /staff-desk 200 in 92ms
 GET / 200 in 19ms
 GET /overview 200 in 100ms
 GET / 200 in 19ms
 ○ Compiling /cameras ...
 ✓ Compiled /cameras in 2.2s (1244 modules)
 GET /cameras 200 in 2885ms
 GET / 200 in 169ms
 ○ Compiling /rfid ...
 ✓ Compiled /rfid in 3.1s (1252 modules)
 GET /rfid 200 in 3765ms
 GET / 200 in 106ms
 ○ Compiling /parking-slots ...
 ✓ Compiled /parking-slots in 1019ms (711 modules)
 GET /parking-slots 200 in 1276ms
 GET / 200 in 48ms
 ○ Compiling /disputes ...
 ✓ Compiled /disputes in 752ms (720 modules)
 GET /disputes 200 in 934ms
 GET / 200 in 64ms
 GET /login 200 in 102ms
 GET /login?email=admin%40ipark.vn&password=admin 200 in 77ms
 GET /overview 200 in 100ms
 GET / 200 in 45ms
 ○ Compiling /users ...
 ✓ Compiled /users in 1823ms (730 modules)
 GET /users 200 in 2037ms
 GET / 200 in 39ms
 GET /vehicles 200 in 276ms
 GET / 200 in 21ms
 GET /subscriptions 200 in 81ms
 GET / 200 in 42ms
 ○ Compiling /capacity-config ...
 ✓ Compiled /capacity-config in 1055ms (742 modules)
 GET /capacity-config 200 in 1993ms
 GET / 200 in 91ms
 ○ Compiling /reports ...
 ✓ Compiled /reports in 1445ms (751 modules)
 GET /reports 200 in 2227ms
 GET / 200 in 51ms
 ○ Compiling /audit-logs ...
 ✓ Compiled /audit-logs in 1024ms (758 modules)
 GET /audit-logs 200 in 1419ms
 GET / 200 in 85ms
 GET /login 200 in 80ms
 GET /login 200 in 68ms
 GET /login 200 in 59ms
 GET /login?email=kh.1%40ipark.vn&password=123456 200 in 66ms
 GET /profile 200 in 94ms
 GET / 200 in 23ms
 GET /vehicles 200 in 101ms
 GET / 200 in 36ms
 GET /login 200 in 55ms
 GET /login 200 in 51ms
 GET /overview 200 in 76ms
 GET / 200 in 67ms
 GET / 200 in 51ms
 ○ Compiling /guest-exit ...
 ✓ Compiled /guest-exit in 1718ms (1157 modules)
 GET /guest-exit 200 in 2513ms
 GET /login 200 in 93ms
 GET /overview 200 in 268ms
 GET /profile 200 in 64ms
 GET /profile 200 in 39ms
 GET /profile 200 in 200ms
 GET /vehicles 200 in 250ms
 ○ Compiling /subscriptions ...
 ✓ Compiled /subscriptions in 760ms (636 modules)
 GET /subscriptions 200 in 1473ms
 ○ Compiling /parking-sessions ...
 ✓ Compiled /parking-sessions in 601ms (648 modules)
 GET /parking-sessions 200 in 840ms
 GET /profile 200 in 55ms
 GET /profile 200 in 36ms
 ○ Compiling /transactions ...
 ✓ Compiled /transactions in 787ms (661 modules)
 GET /transactions 200 in 1362ms
 GET /login 200 in 218ms
 GET /overview 200 in 86ms
 ○ Compiling /staff-desk ...
 ✓ Compiled /staff-desk in 1350ms (679 modules)
 GET /staff-desk 200 in 1560ms
 GET /overview 200 in 222ms
 ○ Compiling /cameras ...
 ✓ Compiled /cameras in 1360ms (691 modules)
 GET /cameras 200 in 1789ms
 GET /overview 200 in 93ms
 ○ Compiling /rfid ...
 ✓ Compiled /rfid in 1375ms (706 modules)
 GET /rfid 200 in 1584ms
 ○ Compiling /parking-slots ...
 ✓ Compiled /parking-slots in 1622ms (718 modules)
 GET /parking-slots 200 in 2285ms
 ○ Compiling /disputes ...
 ✓ Compiled /disputes in 1391ms (727 modules)
 GET /disputes 200 in 1693ms
 GET /login 200 in 95ms
 GET /overview 200 in 85ms
 GET /overview 200 in 165ms
 ○ Compiling /users ...
 ✓ Compiled /users in 1328ms (701 modules)
 GET /users 200 in 1700ms
 GET /vehicles 200 in 242ms
 GET /subscriptions 200 in 237ms
 ○ Compiling /capacity-config ...
 ✓ Compiled /capacity-config in 1386ms (685 modules)
 GET /capacity-config 200 in 1755ms
 GET /parking-slots 200 in 230ms
 GET /overview 200 in 233ms
 GET /parking-slots 200 in 191ms
 ○ Compiling /reports ...
 ✓ Compiled /reports in 1091ms (681 modules)
 GET /reports 200 in 1583ms
 ○ Compiling /audit-logs ...
 ✓ Compiled /audit-logs in 1758ms (688 modules)
 GET /audit-logs 200 in 1950ms
 ○ Compiling / ...
 ✓ Compiled / in 775ms (685 modules)
 GET / 200 in 1089ms
 GET /login 200 in 80ms
 GET /overview 200 in 107ms
 ○ Compiling /profile ...
 ✓ Compiled /profile in 1167ms (688 modules)
 GET /profile 200 in 2621ms
 GET /vehicles 200 in 1652ms
 GET /login 200 in 77ms
 GET /overview 200 in 74ms
 GET /users 200 in 90ms
 GET /login 200 in 104ms
 GET /overview 200 in 89ms
 GET /profile 200 in 51ms
 GET /profile 200 in 40ms
 GET /vehicles 200 in 66ms
 GET /login 200 in 106ms
 GET /overview 200 in 73ms
 ○ Compiling /pricing ...
 ✓ Compiled /pricing in 1803ms (1191 modules)
 GET /pricing 200 in 2212ms
 GET /login 200 in 126ms
 GET /overview 200 in 108ms
 ○ Compiling /profile ...
 ✓ Compiled /profile in 513ms (638 modules)
 GET /profile 200 in 749ms
 GET /profile 200 in 36ms
 GET /vehicles 200 in 215ms
 GET /login 200 in 72ms
 GET /overview 200 in 76ms
 GET /profile 200 in 33ms
 GET /profile 200 in 37ms
 GET /vehicles 200 in 57ms
 GET /login 200 in 70ms
 GET /overview 200 in 59ms
 GET /profile 200 in 33ms
 GET /profile 200 in 35ms
 GET /subscriptions 200 in 103ms
 GET /login 200 in 54ms
 GET /overview 200 in 62ms
 GET /profile 200 in 36ms
 GET /profile 200 in 37ms
 ○ Compiling /parking-sessions ...
 ✓ Compiled /parking-sessions in 597ms (650 modules)
 GET /parking-sessions 200 in 836ms
 GET /profile 200 in 58ms
 GET /profile 200 in 36ms
 ○ Compiling /transactions ...
 ✓ Compiled /transactions in 532ms (663 modules)
 GET /transactions 200 in 746ms
 GET /login 200 in 79ms
 GET /overview 200 in 84ms
 GET /profile 200 in 55ms
 GET /profile 200 in 31ms
 ○ Compiling /sessions ...
 ✓ Compiled /sessions in 681ms (1239 modules)
 GET /sessions 200 in 843ms
 GET /login 200 in 83ms
 GET /overview 200 in 80ms
 GET /profile 200 in 65ms
 GET /profile 200 in 32ms
 GET /sessions 200 in 79ms
 GET /login 200 in 68ms
 GET /overview 200 in 55ms
 ○ Compiling /staff-desk ...
 ✓ Compiled /staff-desk in 595ms (638 modules)
 GET /staff-desk 200 in 849ms
 GET /login 200 in 76ms
 GET /overview 200 in 80ms
 GET /staff-desk 200 in 57ms
 GET /login 200 in 53ms
 GET /overview 200 in 55ms
 GET /staff-desk 200 in 69ms
 GET /login 200 in 58ms
 GET /overview 200 in 55ms
 GET /staff-desk 200 in 50ms
 GET /login 200 in 62ms
 GET /overview 200 in 69ms
 GET /overview 200 in 76ms
 GET /login 200 in 65ms
 GET /overview 200 in 70ms
 ○ Compiling /shifts ...
 ✓ Compiled /shifts in 1324ms (1219 modules)
 GET /shifts 200 in 1586ms
 GET /login 200 in 76ms
 GET /overview 200 in 75ms
 ○ Compiling /devices ...
 ✓ Compiled /devices in 658ms (1236 modules)
 GET /devices 200 in 859ms
 GET /login 200 in 91ms
 GET /overview 200 in 79ms
 ○ Compiling /disputes ...
 ✓ Compiled /disputes in 537ms (643 modules)
 GET /disputes 200 in 698ms
 GET /login 200 in 66ms
 GET /overview 200 in 75ms
 ✓ Compiled /profile in 485ms (661 modules)
 GET /profile 200 in 606ms
 GET /profile 200 in 42ms
 GET /disputes 200 in 127ms
 GET /login 200 in 104ms
 GET /overview 200 in 127ms
 GET /overview 200 in 57ms
 GET /login 200 in 67ms
 GET /overview 200 in 55ms
 ○ Compiling /parking-slots ...
 ✓ Compiled /parking-slots in 612ms (645 modules)
 GET /parking-slots 200 in 839ms
 GET /login 200 in 86ms
 GET /overview 200 in 80ms
 ○ Compiling /pricing ...
 ✓ Compiled /pricing in 687ms (608 modules)
 GET /pricing 200 in 965ms
[?25h
